<!DOCTYPE html>
<html lang="en">

  <head></head>

  <body>

    <p>There&#39;s a total of 395 static site generators <a href="https://staticsitegenerators.net/">out there</a> on the web, and probably even more found on Github. It&#39;s pretty clear to see that developers want good tooling to rapidly build static sites. Github advocates for <a href="https://jekyllrb.com/">Jekyll</a> and allows you to freely <a href="https://pages.github.com/">host</a> a Jekyll site as a Organization or Project. A lot of people might be okay with this solution for a simple blog or open source project, however if you want a faster development environment and more flexibility to customize the functionality of your site, you might find this solution limiting. As I was rebuilding my site, I definitely wanted to shift off of Jekyll and go with something that allowed for extending functionality with Javasrcipt in ES6.</p>
<h2 id="metalsmith">Metalsmith</h2>
<p><a href="https://github.com/segmentio/metalsmith">Metalsmith</a> is an <em>extremely pluggable</em> static site generator built with Javascript and Node.js by the team over at <a href="https://segment.com/home">Segment</a>. It has a simple design in and of itself, however the power comes in from the number of <a href="https://github.com/lambtron/awesome-metalsmith/blob/master/PLUGINS.md">plugins</a> available in the Metalsmith ecosystem. In this post we&#39;ll take a look at some of these plugins and how they might fit into a simple workflow of building a static blog.</p>
<p>To get started let&#39;s create a new directory: <code>mkdir metalsmith-blog</code> and initialize it with <code>npm init</code>. You can build your site with either the Metalsmith CLI or the Javascript API. Let&#39;s take a look at both and you&#39;ll get to see which one might work better for your particular use case.</p>
<h2 id="cli">CLI</h2>
<p>To use the Metalsmith CLI, let&#39;s install it globally with <code>npm i -g metalsmith</code>. In order for metalsmith to do it&#39;s work, we&#39;ll need to create a <code>metalsmith.json</code> file with a configuration for our site:</p>
<pre><code class="lang-json">{
  &quot;source&quot;: &quot;src&quot;,
  &quot;destination&quot;: &quot;build&quot;,
  &quot;plugins&quot;: {}
}
</code></pre>
<p>With this configuration, Metalsmith will read all the files in the source directory (<code>src</code>) and copy them into the destination (<code>build</code>) directory. As you can see we&#39;ll also have the opportunity to include plugins that will process our files along the way. Let&#39;s add a few plugins that we can use to build a basic blog page with posts.</p>
<p>We&#39;ll need a way to render markdown files to html, so let&#39;s install <code>metalsmith-markdown</code>.</p>
<pre><code class="lang-sh">$ npm i metalsmith-markdown --save
</code></pre>
<p>Great, we&#39;ll also need a way to render our markdown in some sort of template. Metalsmith used to have a <code>metalsmith-templates</code> plugin, however this has been divided into two smaller plugins named <code>metalsmith-layouts</code> and <code>metalsmith-in-place</code>. At first, I wasn&#39;t sure the difference here, but there&#39;s a difference between the two. <code>metalsmith-in-place</code> renders files within your <code>src</code> directory, whereas <code>metalsmith-layouts</code> renders files from a root <code>layouts</code> directory. This allows you to separate layout specific code from source-specific template logic that may exist in a source file. One of the benefits of Metalsmith is how flexible it is in regards to templating. With consolidate.js behind the scenes, you can use any <a href="">templating engine</a> of your choice. In this case, we&#39;ll use liquid because of it&#39;s familiar for people migrating from Jekyll.</p>
<p>Let&#39;s install them both:</p>
<pre><code class="lang-sh">$ npm i metalsmith-layouts metalsmith-in-place --save
</code></pre>
<p>Let&#39;s also install tinyliquid for our template engine.</p>
<pre><code class="lang-sh">$ npm i tinyliquid --save
</code></pre>
<p>Great, lastly we&#39;ll need a way to output a collection of posts and create pretty permalinks such as <code>/blog/metalsmith-post/</code> versus <code>/blog/metalsmith-post/index.html</code>. Let&#39;s do that by installing <code>metalsmith-collections</code> and <code>metalsmith-permalinks</code>.</p>
<pre><code class="lang-sh">$ npm i metalsmith-permalinks metalsmith-collections --save
</code></pre>
<p>Cool! Now let&#39;s set up our plugins in our <code>metalsmith.json</code>:</p>
<pre><code class="lang-json">    &quot;plugins&quot;: {
        &quot;metalsmith-collections&quot;: {
            &quot;posts&quot;: {
                &quot;pattern&quot;: &quot;blog/!(index).md&quot;
            }
        },
        &quot;metalsmith-markdown&quot;: {
            &quot;gfm&quot;: true
        },
        &quot;metalsmith-layouts&quot;: {
            &quot;engine&quot;: &quot;liquid&quot;,
            &quot;directory&quot;: &quot;layouts&quot;,
            &quot;includeDir&quot;: &quot;layouts/includes&quot;
        },
        &quot;metalsmith-in-place&quot;: {
            &quot;engine&quot;: &quot;liquid&quot;,
            &quot;pattern&quot;: &quot;**/*.html&quot;,
            &quot;includeDir&quot;: &quot;layouts/includes&quot;
        },
        &quot;metalsmith-permalinks&quot;: {
            &quot;pattern&quot;: &quot;blog/:title&quot;
        }
    }
</code></pre>
<p>You&#39;ll notice we&#39;re configuring each plugin with it&#39;s respective options. You can learn more about the options at each plugin&#39;s Github repo. Here we&#39;re collecting posts from our blog directory, rending layouts and source files while allowing us to utilize liquid&#39;s includes <code>{% include partial-name %}</code>,  and creating permalinks for our posts with the <code>title</code> from our post front-matter.</p>
<p>Now let&#39;s set up some layouts we can use for our landing page, post, and blog page:</p>
<pre><code class="lang-sh">$ mkdir -p layouts/includes &amp;&amp; touch layouts/base.liquid &amp;&amp; touch layouts/includes/blog.liquid &amp;&amp; touch layouts/post.liquid
</code></pre>
<h4 id="layouts-base-liquid">layouts/base.liquid</h4>
<pre><code class="lang-html">&lt;!DOCTYPE html&gt;
&lt;html&gt;
  &lt;head&gt;
    &lt;title&gt;World Traveler&lt;/title&gt;
    &lt;meta charset=&quot;utf-8&quot;&gt;
    &lt;meta name=&quot;viewport&quot; content=&quot;width=device-width, initial-scale=1.0&quot;&gt;
    &lt;link rel=&quot;stylesheet&quot; href=&quot;//netdna.bootstrapcdn.com/bootstrap/3.1.1/css/bootstrap.min.css&quot;&gt;
    &lt;link rel=&quot;stylesheet&quot; href=&quot;/css/style.css&quot;&gt;
  &lt;/head&gt;
  &lt;body&gt;
    &lt;header class=&quot;header&quot;&gt;
      &lt;div class=&quot;navbar&quot;&gt;
    &lt;a class=&quot;navbar-brand&quot; href=&quot;/&quot;&gt;World Traveler&lt;/a&gt;
    &lt;ul class=&quot;nav navbar-nav&quot;&gt;
      &lt;li&gt;
        &lt;a href=&quot;/&quot;&gt;Home&lt;/a&gt;
      &lt;/li&gt;
      &lt;li&gt;
        &lt;a href=&quot;/blog&quot;&gt;Blog&lt;/a&gt;
      &lt;/li&gt;
    &lt;/ul&gt;
      &lt;/div&gt;
    &lt;/header&gt;
    &lt;div class=&quot;container&quot;&gt;
      &lt;div class=&quot;row&quot;&gt;
    &lt;div class=&quot;col-md-12&quot;&gt;
      &lt;div class=&quot;content&quot;&gt;
        {{ contents }}
      &lt;/div&gt;
    &lt;/div&gt;
      &lt;/div&gt;
    &lt;/div&gt;
  &lt;/body&gt;
&lt;/html&gt;
</code></pre>
<h4 id="layouts-includes-blog-liquid">layouts/includes/blog.liquid</h4>
<pre><code class="lang-html">&lt;div class=&quot;posts&quot;&gt;
  &lt;ul class=&quot;posts__list&quot;&gt;
    {% for post in collections.posts %}
    &lt;li class=&quot;post&quot;&gt;
      &lt;a href=&quot;/blog/{{ post.title | downcase | split: &#39; &#39; | join: &#39;-&#39;}}&quot;&gt;{{ post.title }}&lt;/a&gt;
    &lt;/li&gt;
    {% endfor %}
  &lt;/ul&gt;
&lt;/div&gt;
</code></pre>
<p>Here we&#39;re looping over our post collection with <code>collections.posts</code> and including our post partial passing in the post data.</p>
<h4 id="layouts-post-liquid">layouts/post.liquid</h4>
<pre><code class="lang-html">&lt;!DOCTYPE html&gt;
&lt;html&gt;
  &lt;head&gt;
    &lt;title&gt;World Traveler&lt;/title&gt;
    &lt;meta charset=&quot;utf-8&quot;&gt;
    &lt;meta name=&quot;viewport&quot; content=&quot;width=device-width, initial-scale=1.0&quot;&gt;
    &lt;link rel=&quot;stylesheet&quot; href=&quot;//netdna.bootstrapcdn.com/bootstrap/3.1.1/css/bootstrap.min.css&quot;&gt;
  &lt;/head&gt;
  &lt;body&gt;
    &lt;header class=&quot;header&quot;&gt;
      &lt;div class=&quot;navbar&quot;&gt;
    &lt;a class=&quot;navbar-brand&quot; href=&quot;/&quot;&gt;World Traveler&lt;/a&gt;
    &lt;ul class=&quot;nav navbar-nav&quot;&gt;
      &lt;li&gt;
        &lt;a href=&quot;/&quot;&gt;Home&lt;/a&gt;
      &lt;/li&gt;
      &lt;li&gt;
        &lt;a href=&quot;/blog&quot;&gt;Blog&lt;/a&gt;
      &lt;/li&gt;
    &lt;/ul&gt;
      &lt;/div&gt;
    &lt;/header&gt;
    &lt;div class=&quot;container&quot;&gt;
      &lt;div class=&quot;row&quot;&gt;
    &lt;div class=&quot;col-md-12&quot;&gt;
      &lt;div class=&quot;post&quot;&gt;
        &lt;h3 class=&quot;post-title&quot;&gt;{{ title }}&lt;/h3&gt;
        &lt;p class=&quot;post-date&quot;&gt;{{ date | date: &quot;%b %d, %Y&quot; }}&lt;/p&gt;
        &lt;div class=&quot;post-content&quot;&gt;
          {{ contents }}
        &lt;/div&gt;
      &lt;/div&gt;
    &lt;/div&gt;
      &lt;/div&gt;
    &lt;/div&gt;
  &lt;/body&gt;
&lt;/html&gt;
</code></pre>
<p>Finally, let&#39;s create a <code>src</code> directory and add in a markdown for a landing, blog page, and new blog post:</p>
<pre><code>$ mkdir -p src/blog &amp;&amp; touch src/index.md &amp;&amp; touch src/blog/index.md &amp;&amp; touch src/blog/2015-11-05-new-york-visit.md
</code></pre><h4 id="src-index-md">src/index.md</h4>
<pre><code class="lang-md">---
layout: base.liquid
title: World Traveler
permalink: false
---

A site about my travels...
</code></pre>
<p>You&#39;ll notice here we&#39;re setting <code>permalink</code> to false. This tells our permalink plugin not to render this page under <code>blog</code> which we have set up as our permalink path.</p>
<h4 id="src-blog-index-md">src/blog/index.md</h4>
<pre><code class="lang-md">---
layout: base.liquid
title: Blog
permalink: false
---

{% include blog %}
</code></pre>
<h4 id="src-posts-2015-11-05-new-york-visit-md">src/posts/2015-11-05-new-york-visit.md</h4>
<pre><code>---
layout: post.liquid
title: Traveling to New York
date: 2015-11-06
---

This month we&#39;ll learn about the delights of New York City...
</code></pre><p>Now let&#39;s add a npm script to run the CLI with <code>npm run build</code>:</p>
<pre><code class="lang-json">{
    &quot;scripts&quot;: {
        &quot;build&quot;: &quot;metalsmith&quot;
    }
}
</code></pre>
<p>Finally we can run:</p>
<pre><code class="lang-sh">$ npm run build
</code></pre>
<p>Here we have a simple landing page and blog page with a blog post. Let&#39;s add some styling with sass.</p>
<pre><code class="lang-sh">$ npm i metalsmith-sass --save
</code></pre>
<pre><code class="lang-json">    &quot;metalsmith-sass&quot;: {
        &quot;outputDir&quot;: &quot;css&quot;
    }
</code></pre>
<pre><code class="lang-sh">$ mkdir src/sass &amp;&amp; touch src/sass/style.scss
</code></pre>
<h4 id="src-styles-style-scss">src/styles/style.scss</h4>
<pre><code class="lang-sass">body {
  margin: 0;
  font-family: &#39;Helvetica&#39;;
  font-weight: 100;
  font-size: 18px;
  line-height: 1.5;
}

a {
  color: #053580;
  font-weight: 400;
  text-shadow: 0px 0px 0px #fff;
}

.content {
    padding: 20px;
}

.navbar {
  padding: 20px;
}
</code></pre>
<p>And we&#39;ll add our link tag: <code>&lt;link rel=&quot;stylesheet&quot; href=&quot;/css/style.css&quot;&gt;</code></p>
<p>Let&#39;s also add a nice header image courtesy of <a href="https://unsplash.com/photos/SR68yPh06As">Unsplash</a></p>
<p>Add the jpeg in <code>src/assets</code>.</p>
<pre><code class="lang-sass">.header {
  background-image: url(&quot;/assets/header.jpeg&quot;);
  background-size: cover;
  min-height: 300px;
  background-position: center -95%;
}
</code></pre>
<p>Let&#39;s run the build again and start a local server.</p>
<pre><code class="lang-sh">$ npm run build &amp;&amp; serve build
</code></pre>
<p>So now that we have a pretty good sense of what Metalsmith can do, let&#39;s take a look at how you might run the same build using the API with Babel and finish off our blog by minifying our html. This will make our site nice and fast!</p>
<p>If you aren&#39;t already up to speed with Babel 6, go ahead and install the CLI with: <code>npm i -g babel-cli</code>. Then we can set up our <code>.babelrc</code>.</p>
<pre><code class="lang-sh">$ touch .babelrc &amp;&amp; npm install babel-preset-es2015 --save-dev
</code></pre>
<h4 id="-babelrc">.babelrc</h4>
<pre><code class="lang-json">{
    &quot;presets&quot;: [&quot;es2015&quot;]
}
</code></pre>
<h2 id="metalsmith-s-api">Metalsmith&#39;s API</h2>
<p>Let&#39;s firstly install <code>metalsmith</code>.</p>
<pre><code class="lang-sh">$ npm i metalsmith --save
</code></pre>
<p>Next, let&#39;s create a <code>build.js</code> and write our build script.</p>
<pre><code class="lang-sh">$ touch build.js
</code></pre>
<pre><code class="lang-js">import Metalsmith from &#39;metalsmith&#39;;
import collections from &#39;metalsmith-collections&#39;;
import layouts from &#39;metalsmith-layouts&#39;;
import inPlace from &#39;metalsmith-in-place&#39;;
import markdown from &#39;metalsmith-markdown&#39;;
import permalinks from &#39;metalsmith-permalinks&#39;;
import sass from &#39;metalsmith-sass&#39;;

Metalsmith(__dirname)
  .use(collections({
    posts: {
      pattern: &#39;blog/!(index).md&#39;,
      sortBy: &#39;date&#39;,
      reverse: true
    }
  }))
  .use(sass({
    outputDir: &#39;css&#39;
  }))
  .use(markdown({
    gfm: true
  }))
  .use(permalinks({
    pattern: &#39;blog/:title&#39;
  }))
  .use(layouts({
    engine: &#39;liquid&#39;,
    directory: &#39;layouts&#39;,
    includeDir: &#39;layouts/includes&#39;
  }))
  .use(inPlace({
    engine: &#39;liquid&#39;,
    pattern: &#39;**/*.html&#39;,
    includeDir: &#39;layouts/includes&#39;
  }))
  .build(function () {
    console.log(&#39;Cheers!&#39;);
  });
</code></pre>
<p>Great, here we can see Metalsmith uses <code>.use</code> to invoke the plugins in order from top to bottom similar to express middleware, each function gets invoked with all the files from the previous function, processed and passed along. Let&#39;s run our build with <code>babel-node</code>:</p>
<pre><code class="lang-sh">$ babel-node build.js
</code></pre>
<p>Lastly, let&#39;s add html minification.</p>
<pre><code class="lang-sh">$ npm i metalsmith-html-minifier --save
</code></pre>
<pre><code class="lang-js">...
import htmlMinifier from &#39;metalsmith-html-minifier&#39;;

...

.use(htmlMinifier())
.build(function () {
    console.log(&#39;Cheers!&#39;);
})
</code></pre>
<p>And now we can adjust our build script.</p>
<pre><code class="lang-sh">{
    &quot;scripts&quot;: {
        &quot;build&quot;: &quot;babel-node build.js&quot;
    }
}
</code></pre>
<p>Again, let&#39;s run our build.</p>
<pre><code class="lang-sh">$ npm run build
</code></pre>
<h2 id="conclusion">Conclusion</h2>
<p>As you can see Metalsmith is <em>extremely</em> flexible and has a number of <a href="http://www.metalsmith.io/#the-plugins">plugins</a> you can choose from to extend your site to fit your needs. There are plugins ranging from tag generators, to s3 upload, to browserify and webpack bundling. You&#39;ll definitely have the flexibility and you can also run your builds nicely with ES6 using Babel 6.</p>
<p>From here, you may want to expand the structure of your layouts and src directories to better suite your project. Also, if you&#39;re looking for a way to build multiple permalinks, you can use something like <a href="https://github.com/ericgj/metalsmith-branch">metalsmith-branch</a> to break out the permalinks for different paths.</p>
<p>I hope you were able to learn more about Metalsmith and you&#39;ll consider using it on your next project! Check out the <a href="http://cameronjroe.com/metalsmith-blog/">Demo</a> and <a href="https://github.com/cameronjroe/metalsmith-blog">Code</a>.</p>


  </body>

</html>
