<html>
<head>
  <meta charset="UTF-8">
  <title>Testing</title>
</head>
<body>

  [object Object]

</body>
</html>