<html><head><meta charset=UTF-8><title>Testing</title></head><body>Cameron's Site<h1 id=testing>Testing</h1></body></html>